[2026-03-25 17:29:53] [INFO] Importado: Evento importado: Feria del Libro
[2026-03-25 17:29:53] [INFO] Importado: Evento importado: Concierto de Rock
[2026-03-25 17:29:53] [INFO] Importado: Evento importado: Partidazo
[2026-03-25 17:29:53] [INFO] Importado: Evento importado: Gamergi
[2026-03-25 17:29:53] [INFO] Inicio de la aplicación
[2026-03-25 17:33:30] [INFO] Importado: Evento importado: Feria del Libro
[2026-03-25 17:33:30] [INFO] Importado: Evento importado: Concierto de Rock
[2026-03-25 17:33:30] [INFO] Importado: Evento importado: Partidazo
[2026-03-25 17:33:30] [INFO] Importado: Evento importado: Gamergi
[2026-03-25 17:33:30] [WARM] ERROR: Fallo al importar línea del CSV: Index 2 out of bounds for length 2
[2026-03-25 17:33:30] [WARM] ERROR: Fallo al importar línea del CSV: Index 3 out of bounds for length 2
[2026-03-25 17:33:30] [WARM] ERROR: Fallo al importar línea del CSV: Index 4 out of bounds for length 2
[2026-03-25 17:33:30] [INFO] Importado: Evento importado: Barcelona
[2026-03-25 17:33:30] [INFO] Inicio de la aplicación
[2026-03-27 19:39:7] [INFO] Importado: Evento importado: Feria del Libro
[2026-03-27 19:39:7] [INFO] Importado: Evento importado: Concierto de Rock
[2026-03-27 19:39:7] [INFO] Importado: Evento importado: Partidazo
[2026-03-27 19:39:7] [INFO] Importado: Evento importado: Gamergi
[2026-03-27 19:39:7] [WARM] ERROR: Fallo al importar línea del CSV: Index 2 out of bounds for length 2
[2026-03-27 19:39:7] [WARM] ERROR: Fallo al importar línea del CSV: Index 3 out of bounds for length 2
[2026-03-27 19:39:7] [WARM] ERROR: Fallo al importar línea del CSV: Index 4 out of bounds for length 2
[2026-03-27 19:39:7] [INFO] Importado: Evento importado: Barcelona
[2026-03-27 19:39:7] [INFO] Inicio de la aplicación
[2026-04-14 20:15:49] [INFO] Importado: Evento importado: Feria del Libro
[2026-04-14 20:15:49] [INFO] Importado: Evento importado: Concierto de Rock
[2026-04-14 20:15:49] [INFO] Importado: Evento importado: Partidazo
[2026-04-14 20:15:49] [INFO] Importado: Evento importado: Gamergi
[2026-04-14 20:15:49] [WARM] ERROR: Fallo al importar línea del CSV: Index 2 out of bounds for length 2
[2026-04-14 20:15:49] [WARM] ERROR: Fallo al importar línea del CSV: Index 3 out of bounds for length 2
[2026-04-14 20:15:49] [WARM] ERROR: Fallo al importar línea del CSV: Index 4 out of bounds for length 2
[2026-04-14 20:15:49] [INFO] Importado: Evento importado: Barcelona
[2026-04-14 20:15:49] [INFO] Inicio de la aplicación
