Inicio de la aplicación
Inicio de la aplicación
Inicio de la aplicación2026-03-25T16:38:49.108922220163849
Inicio de la aplicación 2026-03-25T16:39:15.912099467 163915
Inicio de la aplicación 2026-03-25T16:40:59.810515181 164059
Inicio de la aplicación 2026-03-25 16:47:22
2026-03-25 16:48:32 Inicio de la aplicación
[2026-03-25 16:49:46] Inicio de la aplicación
[2026-03-25 16:53:12] Inicio de la aplicación
[2026-03-25 16:54:37] Inicio de la aplicación
[2026-03-25 16:54:54] Inicio de la aplicación
[2026-03-25 17:1:45] Importado: Evento importado: Feria del Libro
[2026-03-25 17:1:45] Importado: Evento importado: Concierto de Rock
[2026-03-25 17:1:45] Importado: Evento importado: Partidazo
[2026-03-25 17:1:45] Importado: Evento importado: Gamergi
[2026-03-25 17:1:45] ERROR: Fallo al importar línea del CSV: Index 2 out of bounds for length 2
[2026-03-25 17:1:45] ERROR: Fallo al importar línea del CSV: Index 3 out of bounds for length 2
[2026-03-25 17:1:45] ERROR: Fallo al importar línea del CSV: Index 4 out of bounds for length 2
[2026-03-25 17:1:45] Importado: Evento importado: Fiesta
[2026-03-25 17:1:45] Inicio de la aplicación


[2026-03-25 17:3:52] Importado: Evento importado: Feria del Libro
[2026-03-25 17:3:52] Importado: Evento importado: Concierto de Rock
[2026-03-25 17:3:52] Importado: Evento importado: Partidazo
[2026-03-25 17:3:52] Importado: Evento importado: Gamergi
[2026-03-25 17:3:52] ERROR: Fallo al importar línea del CSV: Index 2 out of bounds for length 2
[2026-03-25 17:3:52] ERROR: Fallo al importar línea del CSV: Index 3 out of bounds for length 2
[2026-03-25 17:3:52] ERROR: Fallo al importar línea del CSV: Index 4 out of bounds for length 2
[2026-03-25 17:3:52] Importado: Evento importado: Fiesta
[2026-03-25 17:3:52] Inicio de la aplicación
[2026-03-25 17:7:24] Importado: Evento importado: Feria del Libro
[2026-03-25 17:7:24] Importado: Evento importado: Concierto de Rock
[2026-03-25 17:7:24] Importado: Evento importado: Partidazo
[2026-03-25 17:7:24] Importado: Evento importado: Gamergi
[2026-03-25 17:7:24] Inicio de la aplicación
[2026-03-25 17:21:5] [INFO] Importado: Evento importado: Feria del Libro
[2026-03-25 17:21:5] [INFO] Importado: Evento importado: Concierto de Rock
[2026-03-25 17:21:5] [INFO] Importado: Evento importado: Partidazo
[2026-03-25 17:21:5] [INFO] Importado: Evento importado: Gamergi
[2026-03-25 17:21:5] [INFO] Inicio de la aplicación



______________________________________________________________________________-

[2026-03-25 17:21:27] [INFO] Importado: Evento importado: Feria del Libro
[2026-03-25 17:21:27] [INFO] Importado: Evento importado: Concierto de Rock
[2026-03-25 17:21:27] [INFO] Importado: Evento importado: Partidazo
[2026-03-25 17:21:27] [INFO] Importado: Evento importado: Gamergi
[2026-03-25 17:21:27] [INFO] Inicio de la aplicación
[2026-03-25 17:27:12] [INFO] Importado: Evento importado: Feria del Libro
[2026-03-25 17:27:12] [INFO] Importado: Evento importado: Concierto de Rock
[2026-03-25 17:27:12] [INFO] Importado: Evento importado: Partidazo
[2026-03-25 17:27:12] [INFO] Importado: Evento importado: Gamergi
[2026-03-25 17:27:12] [INFO] Inicio de la aplicación
